capture=fixed 1920x1080 framebuffer_exact=true unknown=0 invalid=0 clipped=0 host_ms=31.014 gui_publish_ms=25.913
capture=fixed-bloom 1920x1080 framebuffer_exact=true unknown=0 invalid=0 clipped=0 host_ms=23.067 gui_publish_ms=24.599
capture=orbit-0 1920x1080 framebuffer_exact=true unknown=0 invalid=0 clipped=0 host_ms=22.201 gui_publish_ms=23.569
capture=orbit-300 1920x1080 framebuffer_exact=true unknown=0 invalid=0 clipped=0 host_ms=23.349 gui_publish_ms=23.573
capture=orbit-599 1920x1080 framebuffer_exact=true unknown=0 invalid=0 clipped=0 host_ms=22.970 gui_publish_ms=23.514
capture=spin0-incl60 1024x576 framebuffer_exact=true unknown=0 invalid=0 clipped=0 host_ms=7.509 gui_publish_ms=9.904
capture=spin0-incl60-bloom 1024x576 framebuffer_exact=true unknown=0 invalid=0 clipped=0 host_ms=7.848 gui_publish_ms=9.849
capture=spin09-incl75 1024x576 framebuffer_exact=true unknown=0 invalid=0 clipped=0 host_ms=6.601 gui_publish_ms=7.446
capture=spin09-incl75-bloom 1024x576 framebuffer_exact=true unknown=0 invalid=0 clipped=0 host_ms=6.629 gui_publish_ms=7.478
capture=spin099-incl85 1024x576 framebuffer_exact=true unknown=0 invalid=0 clipped=0 host_ms=7.483 gui_publish_ms=7.556
capture=spin099-incl85-bloom 1024x576 framebuffer_exact=true unknown=0 invalid=0 clipped=0 host_ms=6.995 gui_publish_ms=9.569
timing warmup=2 samples=10 1920x1080 legacy_ms=20.0475 radiance_ms=20.1115 display_ms=0.0563 bloom_ms=0.0931 combined_glow_ms=20.2475 shading_overhead_percent=0.32
resources workspace=39398416 rgba=8294400 sky=33554432 conservative_gui_resize_budget=106130464 limit=268435456 bytes
	Command being timed: "/home/blakethefn/.cache/blackhole-renderer/plan8-gui/app/cinematic-evidence presets/cinematic/scene.json docs/plan8-review/stills"
	User time (seconds): 2.27
	System time (seconds): 0.39
	Percent of CPU this job got: 89%
	Elapsed (wall clock) time (h:mm:ss or m:ss): 0:02.99
	Average shared text size (kbytes): 0
	Average unshared data size (kbytes): 0
	Average stack size (kbytes): 0
	Average total size (kbytes): 0
	Maximum resident set size (kbytes): 210288
	Average resident set size (kbytes): 0
	Major (requiring I/O) page faults: 0
	Minor (reclaiming a frame) page faults: 81372
	Voluntary context switches: 1944
	Involuntary context switches: 47
	Swaps: 0
	File system inputs: 0
	File system outputs: 16664
	Socket messages sent: 0
	Socket messages received: 0
	Signals delivered: 0
	Page size (bytes): 4096
	Exit status: 0
