Internal ctest changing into directory: /home/blakethefn/.cache/blackhole-renderer/plan8-gui
Test project /home/blakethefn/.cache/blackhole-renderer/plan8-gui
        Start   1: cinematic GPU display matches independent color patches and preserves diagnostics
  1/102 Test   #1: cinematic GPU display matches independent color patches and preserves diagnostics .....   Passed    0.18 sec
        Start   2: cinematic linear shading is deterministic without modifying legacy output
  2/102 Test   #2: cinematic linear shading is deterministic without modifying legacy output .............   Passed    0.15 sec
        Start   3: cinematic bloom handles odd edges black input and invalid radiance visibly
  3/102 Test   #3: cinematic bloom handles odd edges black input and invalid radiance visibly ............   Passed    0.14 sec
        Start   4: cinematic radiance clips finite extreme emission and reports every clipped pixel
  4/102 Test   #4: cinematic radiance clips finite extreme emission and reports every clipped pixel ......   Passed    0.14 sec
        Start   5: cinematic static disk appearance changes emission but not classifications
  5/102 Test   #5: cinematic static disk appearance changes emission but not classifications .............   Passed    0.14 sec
        Start   6: cinematic nondefault stream pipeline matches blocking wrapper
  6/102 Test   #6: cinematic nondefault stream pipeline matches blocking wrapper .........................   Passed    0.14 sec
        Start   7: cinematic invalid boundaries reject before changing workspace or output
  7/102 Test   #7: cinematic invalid boundaries reject before changing workspace or output ...............   Passed    0.14 sec
        Start   8: cinematic bloom spreads a bright edge pixel but excludes diagnostic pixels
  8/102 Test   #8: cinematic bloom spreads a bright edge pixel but excludes diagnostic pixels ............   Passed    0.13 sec
        Start   9: Dual integrator: Schwarzschild PSNR >= 25 dB
  9/102 Test   #9: Dual integrator: Schwarzschild PSNR >= 25 dB ..........................................   Passed    0.15 sec
        Start  10: Dual integrator: Kerr a=0.9 PSNR >= 15 dB
 10/102 Test  #10: Dual integrator: Kerr a=0.9 PSNR >= 15 dB .............................................   Passed    0.25 sec
        Start  11: Dual integrator: center ray of Schwarzschild face-on hits horizon for both backends
 11/102 Test  #11: Dual integrator: center ray of Schwarzschild face-on hits horizon for both backends ...   Passed    0.00 sec
        Start  12: Dual integrator: off-axis rays match physical hit classifications
 12/102 Test  #12: Dual integrator: off-axis rays match physical hit classifications .....................   Passed    0.00 sec
        Start  13: Golden Schwarzschild 512x512 matches saved reference
 13/102 Test  #13: Golden Schwarzschild 512x512 matches saved reference ..................................   Passed    0.15 sec
        Start  14: Workbench device target exactly matches host rendering on both integrators
 14/102 Test  #14: Workbench device target exactly matches host rendering on both integrators ............   Passed    0.14 sec
        Start  15: Workbench device target rejects bad parameters and insufficient storage
 15/102 Test  #15: Workbench device target rejects bad parameters and insufficient storage ...............   Passed    0.13 sec
        Start  16: Renderer honors each disk effect toggle
 16/102 Test  #16: Renderer honors each disk effect toggle ...............................................   Passed    0.14 sec
        Start  17: Renderer starfield toggle gates sampling and preserves fallback
 17/102 Test  #17: Renderer starfield toggle gates sampling and preserves fallback .......................   Passed    0.14 sec
        Start  18: static disk appearance is bounded periodic and fades only the outer edge
 18/102 Test  #18: static disk appearance is bounded periodic and fades only the outer edge ..............   Passed    0.00 sec
        Start  19: cinematic display uses specified linear exposure and exactly one sRGB encoding
 19/102 Test  #19: cinematic display uses specified linear exposure and exactly one sRGB encoding ........   Passed    0.00 sec
        Start  20: cinematic v2 explicitly upgrades while preserving strict v1 and frame evaluation
 20/102 Test  #20: cinematic v2 explicitly upgrades while preserving strict v1 and frame evaluation ......   Passed    0.00 sec
        Start  21: appearance rejects malformed values transactionally and retains strict structure
 21/102 Test  #21: appearance rejects malformed values transactionally and retains strict structure ......   Passed    0.00 sec
        Start  22: cinematic v2 saves atomically and loads without changing source snapshots
 22/102 Test  #22: cinematic v2 saves atomically and loads without changing source snapshots .............   Passed    0.00 sec
        Start  23: cinematic PNG declares sRGB and preserves destination on invalid input
 23/102 Test  #23: cinematic PNG declares sRGB and preserves destination on invalid input ................   Passed    0.00 sec
        Start  24: Blackbody reference temperatures
 24/102 Test  #24: Blackbody reference temperatures ......................................................   Passed    0.00 sec
        Start  25: Blackbody clamping below 1000K and above 40000K
 25/102 Test  #25: Blackbody clamping below 1000K and above 40000K .......................................   Passed    0.00 sec
        Start  26: CLI float options require a whole finite numeric value
 26/102 Test  #26: CLI float options require a whole finite numeric value ................................   Passed    0.00 sec
        Start  27: CLI integer options reject truncation overflow and suffixes
 27/102 Test  #27: CLI integer options reject truncation overflow and suffixes ...........................   Passed    0.00 sec
        Start  28: CLI resolutions require exactly two positive integers
 28/102 Test  #28: CLI resolutions require exactly two positive integers .................................   Passed    0.00 sec
        Start  29: CLI integrator names are explicit
 29/102 Test  #29: CLI integrator names are explicit .....................................................   Passed    0.00 sec
        Start  30: Disk temperature goes to 0 at inner edge and peaks near r_in * 1.36
 30/102 Test  #30: Disk temperature goes to 0 at inner edge and peaks near r_in * 1.36 ...................   Passed    0.00 sec
        Start  31: Keplerian angular velocity at large r matches Newtonian limit
 31/102 Test  #31: Keplerian angular velocity at large r matches Newtonian limit .........................   Passed    0.00 sec
        Start  32: Disk 4-velocity is timelike (u^t > 0) at valid radii
 32/102 Test  #32: Disk 4-velocity is timelike (u^t > 0) at valid radii ..................................   Passed    0.00 sec
        Start  33: Carlson R_F reference values
 33/102 Test  #33: Carlson R_F reference values ..........................................................   Passed    0.00 sec
        Start  34: Carlson R_D reference values
 34/102 Test  #34: Carlson R_D reference values ..........................................................   Passed    0.00 sec
        Start  35: Carlson R_J reference values
 35/102 Test  #35: Carlson R_J reference values ..........................................................   Passed    0.00 sec
        Start  36: Carlson R_F duplication is numerically stable near zero
 36/102 Test  #36: Carlson R_F duplication is numerically stable near zero ...............................   Passed    0.00 sec
        Start  37: Ferrari: (u-1)(u-2)(u-3)(u-4)
 37/102 Test  #37: Ferrari: (u-1)(u-2)(u-3)(u-4) .........................................................   Passed    0.00 sec
        Start  38: Ferrari: two real, one complex pair (u-1)(u+2)(u^2 + u + 1)
 38/102 Test  #38: Ferrari: two real, one complex pair (u-1)(u+2)(u^2 + u + 1) ...........................   Passed    0.00 sec
        Start  39: Ferrari: biquadratic (u^2 - 1)(u^2 - 4) = u^4 - 5u^2 + 4
 39/102 Test  #39: Ferrari: biquadratic (u^2 - 1)(u^2 - 4) = u^4 - 5u^2 + 4 ..............................   Passed    0.00 sec
        Start  40: Ferrari: cubic degeneracy (a=0 falls back to cubic)
 40/102 Test  #40: Ferrari: cubic degeneracy (a=0 falls back to cubic) ...................................   Passed    0.00 sec
        Start  41: Schwarzschild photon sphere: circular orbit at r=3, L²=27 E²
 41/102 Test  #41: Schwarzschild photon sphere: circular orbit at r=3, L²=27 E² ........................   Passed    0.00 sec
        Start  42: RHS smoke test: velocity passes through correctly
 42/102 Test  #42: RHS smoke test: velocity passes through correctly .....................................   Passed    0.00 sec
        Start  43: Distant axial Schwarzschild radial ray reaches the horizon with default controls
 43/102 Test  #43: Distant axial Schwarzschild radial ray reaches the horizon with default controls ......   Passed    0.00 sec
        Start  44: Photon dropped radially from r=5, a=0, aimed at horizon → kHorizon
 44/102 Test  #44: Photon dropped radially from r=5, a=0, aimed at horizon → kHorizon ..................   Passed    0.00 sec
        Start  45: Photon with large impact parameter escapes to infinity
 45/102 Test  #45: Photon with large impact parameter escapes to infinity ................................   Passed    0.00 sec
        Start  46: Kerr a=0.9: camera_ray produces finite conserved quantities
 46/102 Test  #46: Kerr a=0.9: camera_ray produces finite conserved quantities ...........................   Passed    0.00 sec
        Start  47: Kerr photon dropped from r=5, a=0.9 still falls to horizon
 47/102 Test  #47: Kerr photon dropped from r=5, a=0.9 still falls to horizon ............................   Passed    0.00 sec
        Start  48: integrate_geokerr: signature contract — HitType is one of the enum values
 48/102 Test  #48: integrate_geokerr: signature contract — HitType is one of the enum values ...........   Passed    0.00 sec
        Start  49: integrate_geokerr: radial photon (Schwarzschild, L=Q=0) hits horizon
 49/102 Test  #49: integrate_geokerr: radial photon (Schwarzschild, L=Q=0) hits horizon ..................   Passed    0.00 sec
        Start  50: cuda_add runs a kernel and returns the sum
 50/102 Test  #50: cuda_add runs a kernel and returns the sum ............................................   Passed    0.14 sec
        Start  51: cuda_add handles negatives
 51/102 Test  #51: cuda_add handles negatives ............................................................   Passed    0.13 sec
        Start  52: cuda_device_name reports a non-empty device
 52/102 Test  #52: cuda_device_name reports a non-empty device ...........................................   Passed    0.01 sec
        Start  53: Image default-constructs empty
 53/102 Test  #53: Image default-constructs empty ........................................................   Passed    0.00 sec
        Start  54: Image::allocate sets size and zeroes memory
 54/102 Test  #54: Image::allocate sets size and zeroes memory ...........................................   Passed    0.00 sec
        Start  55: Image::set_pixel writes RGBA at coord
 55/102 Test  #55: Image::set_pixel writes RGBA at coord .................................................   Passed    0.00 sec
        Start  56: write_png produces a valid PNG file
 56/102 Test  #56: write_png produces a valid PNG file ...................................................   Passed    0.00 sec
        Start  57: cuda_gradient writes through a surface object
 57/102 Test  #57: cuda_gradient writes through a surface object .........................................   Passed    0.13 sec
        Start  58: horizon_radius at known spins
 58/102 Test  #58: horizon_radius at known spins .........................................................   Passed    0.00 sec
        Start  59: r_isco at known spins
 59/102 Test  #59: r_isco at known spins .................................................................   Passed    0.00 sec
        Start  60: Sigma and Delta at sample points
 60/102 Test  #60: Sigma and Delta at sample points ......................................................   Passed    0.00 sec
        Start  61: Schwarzschild (a=0) collapses correctly
 61/102 Test  #61: Schwarzschild (a=0) collapses correctly ...............................................   Passed    0.00 sec
        Start  62: RenderParams defaults match design spec
 62/102 Test  #62: RenderParams defaults match design spec ...............................................   Passed    0.00 sec
        Start  63: RenderParams default integrator is RK45
 63/102 Test  #63: RenderParams default integrator is RK45 ...............................................   Passed    0.00 sec
        Start  64: Parameter validation accepts defaults and existing golden scenes
 64/102 Test  #64: Parameter validation accepts defaults and existing golden scenes ......................   Passed    0.00 sec
        Start  65: Parameter validation rejects every nonfinite scene scalar
 65/102 Test  #65: Parameter validation rejects every nonfinite scene scalar .............................   Passed    0.00 sec
        Start  66: Parameter validation rejects unsupported physical and image ranges
 66/102 Test  #66: Parameter validation rejects unsupported physical and image ranges ....................   Passed    0.00 sec
        Start  67: workbench preset is a valid deterministic RK45 preview
 67/102 Test  #67: workbench preset is a valid deterministic RK45 preview ................................   Passed    0.00 sec
        Start  68: committed gallery presets are valid prograde RK45 scenes
 68/102 Test  #68: committed gallery presets are valid prograde RK45 scenes ..............................   Passed    0.00 sec
        Start  69: presets round trip every render field without changing floats
 69/102 Test  #69: presets round trip every render field without changing floats .........................   Passed    0.00 sec
        Start  70: preset loading rejects invalid schema and leaves active parameters untouched
 70/102 Test  #70: preset loading rejects invalid schema and leaves active parameters untouched ..........   Passed    0.00 sec
        Start  71: invalid preset save preserves existing file and reports an error
 71/102 Test  #71: invalid preset save preserves existing file and reports an error ......................   Passed    0.00 sec
        Start  72: preset file failures are reported without altering parameters
 72/102 Test  #72: preset file failures are reported without altering parameters .........................   Passed    0.00 sec
        Start  73: Redshift at large radius with zero angular momentum approaches 1
 73/102 Test  #73: Redshift at large radius with zero angular momentum approaches 1 ......................   Passed    0.00 sec
        Start  74: Redshift of disk emitter at r=10 (Schwarzschild) is < 1
 74/102 Test  #74: Redshift of disk emitter at r=10 (Schwarzschild) is < 1 ...............................   Passed    0.00 sec
        Start  75: Doppler asymmetry: prograde photon blueshifted vs retrograde
 75/102 Test  #75: Doppler asymmetry: prograde photon blueshifted vs retrograde ..........................   Passed    0.00 sec
        Start  76: Frequency switches preserve total shift and separate diagnostic factors
 76/102 Test  #76: Frequency switches preserve total shift and separate diagnostic factors ...............   Passed    0.00 sec
        Start  77: render produces a non-empty image at tiny resolution
 77/102 Test  #77: render produces a non-empty image at tiny resolution ..................................   Passed    0.14 sec
        Start  78: shot fixed clock has exact rational time and separate loop metadata
 78/102 Test  #78: shot fixed clock has exact rational time and separate loop metadata ...................   Passed    0.00 sec
        Start  79: shot rational FPS is evaluated from frame index without accumulation
 79/102 Test  #79: shot rational FPS is evaluated from frame index without accumulation ..................   Passed    0.00 sec
        Start  80: shot orbit reaches endpoints uses smoothstep and never wraps progress
 80/102 Test  #80: shot orbit reaches endpoints uses smoothstep and never wraps progress .................   Passed    0.00 sec
        Start  81: shot validation rejects invalid clocks poses dimensions IDs and assets
 81/102 Test  #81: shot validation rejects invalid clocks poses dimensions IDs and assets ................   Passed    0.00 sec
        Start  82: shot CLI selection is complete unique and incompatible with legacy options
 82/102 Test  #82: shot CLI selection is complete unique and incompatible with legacy options ............   Passed    0.00 sec
        Start  83: shot persistence round trips both cameras and imports every v1 field
 83/102 Test  #83: shot persistence round trips both cameras and imports every v1 field ..................   Passed    0.00 sec
        Start  84: shot JSON rejects coercions unknown fields duplicate keys and limits
 84/102 Test  #84: shot JSON rejects coercions unknown fields duplicate keys and limits ..................   Passed    0.00 sec
        Start  85: shot file errors preserve source and prior destination atomically
 85/102 Test  #85: shot file errors preserve source and prior destination atomically .....................   Passed    0.00 sec
        Start  86: shot EXR references resolve from document directory and require real assets
 86/102 Test  #86: shot EXR references resolve from document directory and require real assets ...........   Passed    0.00 sec
        Start  87: shot interrupted write preserves existing document and removes temporary file
 87/102 Test  #87: shot interrupted write preserves existing document and removes temporary file .........   Passed    0.00 sec
        Start  88: Starfield rejects incomplete RGB channels
 88/102 Test  #88: Starfield rejects incomplete RGB channels .............................................   Passed    0.00 sec
        Start  89: Starfield rejects unsupported EXR formats and width limits
 89/102 Test  #89: Starfield rejects unsupported EXR formats and width limits ............................   Passed    0.00 sec
        Start  90: Starfield loads float and half RGB and keeps thin images nonempty
 90/102 Test  #90: Starfield loads float and half RGB and keeps thin images nonempty .....................   Passed    0.13 sec
        Start  91: Starfield refuses to overwrite existing CUDA ownership
 91/102 Test  #91: Starfield refuses to overwrite existing CUDA ownership ................................   Passed    0.14 sec
        Start  92: Cinematic sky bounds channels before decoding and loads the original asset
 92/102 Test  #92: Cinematic sky bounds channels before decoding and loads the original asset ............   Passed    0.19 sec
        Start  93: workbench submits once and keeps changes made during a render
 93/102 Test  #93: workbench submits once and keeps changes made during a render .........................   Passed    0.00 sec
        Start  94: workbench rejects invalid edits and needs an explicit retry after failure
 94/102 Test  #94: workbench rejects invalid edits and needs an explicit retry after failure .............   Passed    0.00 sec
        Start  95: workbench UI visibility does not invalidate a completed scene
 95/102 Test  #95: workbench UI visibility does not invalidate a completed scene .........................   Passed    0.00 sec
        Start  96: workbench failed update preserves the last completed snapshot
 96/102 Test  #96: workbench failed update preserves the last completed snapshot .........................   Passed    0.00 sec
        Start  97: workbench requires the asset requested by a preset before dispatch
 97/102 Test  #97: workbench requires the asset requested by a preset before dispatch ....................   Passed    0.00 sec
        Start  98: cli_contract
 98/102 Test  #98: cli_contract ..........................................................................   Passed    0.56 sec
        Start  99: install_smoke
 99/102 Test  #99: install_smoke .........................................................................   Passed    0.03 sec
        Start 100: workbench_viewport
100/102 Test #100: workbench_viewport ....................................................................   Passed    0.41 sec
        Start 101: shot_cli_contract
101/102 Test #101: shot_cli_contract .....................................................................   Passed    1.06 sec
        Start 102: cinematic_cli_contract
102/102 Test #102: cinematic_cli_contract ................................................................   Passed    0.59 sec

100% tests passed, 0 tests failed out of 102

Label Time Summary:
gpu             =   5.61 sec*proc (100 tests)
packaging       =   0.03 sec*proc (1 test)
presentation    =   0.41 sec*proc (1 test)

Total Test time (real) =   6.07 sec
